mode: set
support-tickets/pkg/importer/csv.go:11.66,15.16 3 1
support-tickets/pkg/importer/csv.go:15.16,17.3 1 0
support-tickets/pkg/importer/csv.go:19.2,19.23 1 1
support-tickets/pkg/importer/csv.go:19.23,21.3 1 1
support-tickets/pkg/importer/csv.go:23.2,28.28 4 1
support-tickets/pkg/importer/csv.go:28.28,30.3 1 1
support-tickets/pkg/importer/csv.go:33.2,33.36 1 1
support-tickets/pkg/importer/csv.go:33.36,38.33 3 1
support-tickets/pkg/importer/csv.go:38.33,39.20 1 1
support-tickets/pkg/importer/csv.go:39.20,41.5 1 1
support-tickets/pkg/importer/csv.go:43.3,43.25 1 1
support-tickets/pkg/importer/csv.go:43.25,44.12 1 0
support-tickets/pkg/importer/csv.go:47.3,62.36 2 1
support-tickets/pkg/importer/csv.go:65.2,65.21 1 1
support-tickets/pkg/importer/csv.go:68.80,69.59 1 1
support-tickets/pkg/importer/csv.go:69.59,71.3 1 1
support-tickets/pkg/importer/csv.go:72.2,72.11 1 1
support-tickets/pkg/importer/importer.go:24.38,26.2 1 1
support-tickets/pkg/importer/importer.go:28.39,30.2 1 1
support-tickets/pkg/importer/importer.go:32.38,34.2 1 1
support-tickets/pkg/importer/json.go:25.67,27.59 2 1
support-tickets/pkg/importer/json.go:27.59,29.3 1 1
support-tickets/pkg/importer/json.go:31.2,32.35 2 1
support-tickets/pkg/importer/json.go:32.35,48.3 2 1
support-tickets/pkg/importer/json.go:50.2,50.21 1 1
support-tickets/pkg/importer/xml.go:29.66,31.54 2 1
support-tickets/pkg/importer/xml.go:31.54,33.3 1 1
support-tickets/pkg/importer/xml.go:35.2,36.39 2 1
support-tickets/pkg/importer/xml.go:36.39,52.3 2 1
support-tickets/pkg/importer/xml.go:54.2,54.21 1 1
support-tickets/internal/service/classifier.go:10.34,12.2 1 1
support-tickets/internal/service/classifier.go:44.83,52.51 5 1
support-tickets/internal/service/classifier.go:52.51,55.31 3 1
support-tickets/internal/service/classifier.go:55.31,56.51 1 1
support-tickets/internal/service/classifier.go:56.51,59.5 2 1
support-tickets/internal/service/classifier.go:61.3,62.32 2 1
support-tickets/internal/service/classifier.go:62.32,66.4 3 1
support-tickets/internal/service/classifier.go:70.2,73.51 3 1
support-tickets/internal/service/classifier.go:73.51,75.31 2 1
support-tickets/internal/service/classifier.go:75.31,76.51 1 1
support-tickets/internal/service/classifier.go:76.51,78.5 1 1
support-tickets/internal/service/classifier.go:80.3,81.32 2 1
support-tickets/internal/service/classifier.go:81.32,84.4 2 1
support-tickets/internal/service/classifier.go:88.2,89.22 2 1
support-tickets/internal/service/classifier.go:89.22,91.3 1 0
support-tickets/internal/service/classifier.go:93.2,94.28 2 1
support-tickets/internal/service/classifier.go:94.28,96.3 1 1
support-tickets/internal/service/classifier.go:98.2,104.3 1 1
support-tickets/internal/service/ticket_service.go:19.69,30.2 1 1
support-tickets/internal/service/ticket_service.go:41.27,42.140 1 1
support-tickets/internal/service/ticket_service.go:42.140,44.3 1 1
support-tickets/internal/service/ticket_service.go:46.2,47.44 2 1
support-tickets/internal/service/ticket_service.go:47.44,49.3 1 0
support-tickets/internal/service/ticket_service.go:51.2,51.20 1 1
support-tickets/internal/service/ticket_service.go:54.98,56.9 2 1
support-tickets/internal/service/ticket_service.go:56.9,58.3 1 1
support-tickets/internal/service/ticket_service.go:60.2,61.16 2 1
support-tickets/internal/service/ticket_service.go:61.16,63.3 1 0
support-tickets/internal/service/ticket_service.go:65.2,69.33 2 1
support-tickets/internal/service/ticket_service.go:69.33,78.17 1 1
support-tickets/internal/service/ticket_service.go:78.17,84.12 3 1
support-tickets/internal/service/ticket_service.go:87.3,102.45 2 1
support-tickets/internal/service/ticket_service.go:102.45,108.12 3 0
support-tickets/internal/service/ticket_service.go:111.3,111.22 1 1
support-tickets/internal/service/ticket_service.go:114.2,114.20 1 1
support-tickets/internal/service/ticket_service.go:117.87,126.2 2 1
support-tickets/internal/service/ticket_service.go:128.72,130.2 1 1
support-tickets/internal/service/ticket_service.go:132.103,134.2 1 1
support-tickets/internal/service/ticket_service.go:136.53,138.2 1 1
support-tickets/internal/service/ticket_service.go:140.85,142.16 2 1
support-tickets/internal/service/ticket_service.go:142.16,144.3 1 0
support-tickets/internal/service/ticket_service.go:145.2,145.19 1 1
support-tickets/internal/service/ticket_service.go:145.19,147.3 1 0
support-tickets/internal/service/ticket_service.go:149.2,154.54 3 1
support-tickets/internal/service/ticket_service.go:154.54,156.3 1 0
support-tickets/internal/service/ticket_service.go:158.2,158.28 1 1
support-tickets/internal/service/validator.go:12.32,14.2 1 1
support-tickets/internal/service/validator.go:24.25,27.22 2 1
support-tickets/internal/service/validator.go:27.22,32.3 1 1
support-tickets/internal/service/validator.go:34.2,34.17 1 1
support-tickets/internal/service/validator.go:34.17,39.3 1 0
support-tickets/internal/service/validator.go:39.8,39.43 1 1
support-tickets/internal/service/validator.go:39.43,44.3 1 1
support-tickets/internal/service/validator.go:46.2,46.16 1 1
support-tickets/internal/service/validator.go:46.16,51.3 1 1
support-tickets/internal/service/validator.go:53.2,53.19 1 1
support-tickets/internal/service/validator.go:53.19,58.3 1 1
support-tickets/internal/service/validator.go:58.8,58.51 1 1
support-tickets/internal/service/validator.go:58.51,63.3 1 1
support-tickets/internal/service/validator.go:65.2,65.23 1 1
support-tickets/internal/service/validator.go:65.23,70.3 1 0
support-tickets/internal/service/validator.go:70.8,70.61 1 1
support-tickets/internal/service/validator.go:70.61,75.3 1 1
support-tickets/internal/service/validator.go:77.2,77.39 1 1
support-tickets/internal/service/validator.go:77.39,82.3 1 1
support-tickets/internal/service/validator.go:84.2,84.39 1 1
support-tickets/internal/service/validator.go:84.39,89.3 1 1
support-tickets/internal/service/validator.go:91.2,91.22 1 1
support-tickets/internal/service/validator.go:91.22,93.3 1 1
support-tickets/internal/service/validator.go:95.2,95.12 1 1
support-tickets/internal/domain/errors.go:14.40,15.25 1 1
support-tickets/internal/domain/errors.go:15.25,17.3 1 1
support-tickets/internal/domain/errors.go:18.2,18.77 1 1
support-tickets/internal/domain/errors.go:25.38,27.2 1 1
support-tickets/internal/domain/errors.go:33.42,35.2 1 1
support-tickets/internal/domain/ticket.go:99.11,116.2 2 1
support-tickets/internal/domain/ticket.go:118.37,119.21 1 1
support-tickets/internal/domain/ticket.go:121.60,122.14 1 1
support-tickets/internal/domain/ticket.go:124.2,124.14 1 1
support-tickets/internal/domain/ticket.go:127.37,128.21 1 1
support-tickets/internal/domain/ticket.go:129.65,130.14 1 1
support-tickets/internal/domain/ticket.go:132.2,132.14 1 1
support-tickets/internal/domain/ticket.go:135.35,136.19 1 1
support-tickets/internal/domain/ticket.go:137.88,138.14 1 1
support-tickets/internal/domain/ticket.go:140.2,140.14 1 1
support-tickets/internal/domain/ticket.go:143.35,144.19 1 1
support-tickets/internal/domain/ticket.go:145.70,146.14 1 1
support-tickets/internal/domain/ticket.go:148.2,148.14 1 1
support-tickets/internal/domain/ticket.go:151.39,152.23 1 1
support-tickets/internal/domain/ticket.go:153.61,154.14 1 1
support-tickets/internal/domain/ticket.go:156.2,156.14 1 1
support-tickets/internal/adapters/in/http/handler.go:16.45,18.2 1 1
support-tickets/internal/adapters/in/http/handler.go:48.52,50.43 2 1
support-tickets/internal/adapters/in/http/handler.go:50.43,52.3 1 0
support-tickets/internal/adapters/in/http/handler.go:54.2,55.25 2 1
support-tickets/internal/adapters/in/http/handler.go:55.25,61.3 1 1
support-tickets/internal/adapters/in/http/handler.go:63.2,73.16 2 1
support-tickets/internal/adapters/in/http/handler.go:73.16,75.3 1 1
support-tickets/internal/adapters/in/http/handler.go:77.2,77.51 1 1
support-tickets/internal/adapters/in/http/handler.go:90.50,92.16 2 1
support-tickets/internal/adapters/in/http/handler.go:92.16,94.3 1 1
support-tickets/internal/adapters/in/http/handler.go:96.2,97.16 2 1
support-tickets/internal/adapters/in/http/handler.go:97.16,99.3 1 0
support-tickets/internal/adapters/in/http/handler.go:100.2,103.16 3 1
support-tickets/internal/adapters/in/http/handler.go:103.16,105.3 1 0
support-tickets/internal/adapters/in/http/handler.go:108.2,109.46 2 1
support-tickets/internal/adapters/in/http/handler.go:109.46,111.3 1 1
support-tickets/internal/adapters/in/http/handler.go:111.8,111.53 1 0
support-tickets/internal/adapters/in/http/handler.go:111.53,113.3 1 0
support-tickets/internal/adapters/in/http/handler.go:115.2,116.23 2 1
support-tickets/internal/adapters/in/http/handler.go:116.23,118.3 1 0
support-tickets/internal/adapters/in/http/handler.go:120.2,121.16 2 1
support-tickets/internal/adapters/in/http/handler.go:121.16,123.3 1 0
support-tickets/internal/adapters/in/http/handler.go:125.2,125.23 1 1
support-tickets/internal/adapters/in/http/handler.go:139.51,148.16 3 1
support-tickets/internal/adapters/in/http/handler.go:148.16,150.3 1 0
support-tickets/internal/adapters/in/http/handler.go:152.2,152.20 1 1
support-tickets/internal/adapters/in/http/handler.go:152.20,154.3 1 1
support-tickets/internal/adapters/in/http/handler.go:156.2,156.24 1 1
support-tickets/internal/adapters/in/http/handler.go:168.49,171.16 3 1
support-tickets/internal/adapters/in/http/handler.go:171.16,173.3 1 1
support-tickets/internal/adapters/in/http/handler.go:175.2,175.23 1 1
support-tickets/internal/adapters/in/http/handler.go:198.52,201.43 3 1
support-tickets/internal/adapters/in/http/handler.go:201.43,203.3 1 0
support-tickets/internal/adapters/in/http/handler.go:205.2,206.23 2 1
support-tickets/internal/adapters/in/http/handler.go:206.23,208.3 1 1
support-tickets/internal/adapters/in/http/handler.go:209.2,209.25 1 1
support-tickets/internal/adapters/in/http/handler.go:209.25,211.3 1 0
support-tickets/internal/adapters/in/http/handler.go:212.2,212.25 1 1
support-tickets/internal/adapters/in/http/handler.go:212.25,214.3 1 0
support-tickets/internal/adapters/in/http/handler.go:215.2,215.27 1 1
support-tickets/internal/adapters/in/http/handler.go:215.27,217.3 1 0
support-tickets/internal/adapters/in/http/handler.go:218.2,218.21 1 1
support-tickets/internal/adapters/in/http/handler.go:218.21,220.3 1 0
support-tickets/internal/adapters/in/http/handler.go:222.2,223.16 2 1
support-tickets/internal/adapters/in/http/handler.go:223.16,225.3 1 1
support-tickets/internal/adapters/in/http/handler.go:227.2,227.23 1 1
support-tickets/internal/adapters/in/http/handler.go:238.52,240.45 2 1
support-tickets/internal/adapters/in/http/handler.go:240.45,242.3 1 1
support-tickets/internal/adapters/in/http/handler.go:244.2,244.44 1 1
support-tickets/internal/adapters/in/http/handler.go:256.52,259.16 3 1
support-tickets/internal/adapters/in/http/handler.go:259.16,261.3 1 1
support-tickets/internal/adapters/in/http/handler.go:263.2,263.31 1 1
support-tickets/internal/adapters/in/http/handler.go:266.54,268.15 2 1
support-tickets/internal/adapters/in/http/handler.go:268.15,270.3 1 1
support-tickets/internal/adapters/in/http/handler.go:271.2,271.13 1 1
support-tickets/internal/adapters/out/memory/ticket_repository.go:16.33,20.2 1 1
support-tickets/internal/adapters/out/memory/ticket_repository.go:22.62,26.19 3 1
support-tickets/internal/adapters/out/memory/ticket_repository.go:26.19,28.3 1 0
support-tickets/internal/adapters/out/memory/ticket_repository.go:30.2,31.12 2 1
support-tickets/internal/adapters/out/memory/ticket_repository.go:34.72,39.9 4 1
support-tickets/internal/adapters/out/memory/ticket_repository.go:39.9,41.3 1 1
support-tickets/internal/adapters/out/memory/ticket_repository.go:43.2,43.20 1 1
support-tickets/internal/adapters/out/memory/ticket_repository.go:46.88,52.35 4 1
support-tickets/internal/adapters/out/memory/ticket_repository.go:52.35,53.39 1 1
support-tickets/internal/adapters/out/memory/ticket_repository.go:53.39,54.12 1 1
support-tickets/internal/adapters/out/memory/ticket_repository.go:56.3,56.36 1 1
support-tickets/internal/adapters/out/memory/ticket_repository.go:59.2,59.21 1 1
support-tickets/internal/adapters/out/memory/ticket_repository.go:62.102,67.9 4 1
support-tickets/internal/adapters/out/memory/ticket_repository.go:67.9,69.3 1 0
support-tickets/internal/adapters/out/memory/ticket_repository.go:72.2,72.41 1 1
support-tickets/internal/adapters/out/memory/ticket_repository.go:72.41,73.42 1 1
support-tickets/internal/adapters/out/memory/ticket_repository.go:73.42,75.4 1 1
support-tickets/internal/adapters/out/memory/ticket_repository.go:77.2,77.45 1 1
support-tickets/internal/adapters/out/memory/ticket_repository.go:77.45,78.46 1 1
support-tickets/internal/adapters/out/memory/ticket_repository.go:78.46,80.4 1 1
support-tickets/internal/adapters/out/memory/ticket_repository.go:82.2,82.45 1 1
support-tickets/internal/adapters/out/memory/ticket_repository.go:82.45,83.46 1 0
support-tickets/internal/adapters/out/memory/ticket_repository.go:83.46,85.4 1 0
support-tickets/internal/adapters/out/memory/ticket_repository.go:87.2,87.50 1 1
support-tickets/internal/adapters/out/memory/ticket_repository.go:87.50,88.39 1 0
support-tickets/internal/adapters/out/memory/ticket_repository.go:88.39,90.4 1 0
support-tickets/internal/adapters/out/memory/ticket_repository.go:92.2,92.37 1 1
support-tickets/internal/adapters/out/memory/ticket_repository.go:92.37,93.35 1 0
support-tickets/internal/adapters/out/memory/ticket_repository.go:93.35,95.4 1 0
support-tickets/internal/adapters/out/memory/ticket_repository.go:97.2,97.57 1 1
support-tickets/internal/adapters/out/memory/ticket_repository.go:97.57,98.59 1 0
support-tickets/internal/adapters/out/memory/ticket_repository.go:98.59,100.4 1 0
support-tickets/internal/adapters/out/memory/ticket_repository.go:104.2,107.20 3 1
support-tickets/internal/adapters/out/memory/ticket_repository.go:110.52,114.33 3 1
support-tickets/internal/adapters/out/memory/ticket_repository.go:114.33,116.3 1 0
support-tickets/internal/adapters/out/memory/ticket_repository.go:118.2,119.12 2 1
support-tickets/internal/adapters/out/memory/ticket_repository.go:122.96,123.19 1 1
support-tickets/internal/adapters/out/memory/ticket_repository.go:123.19,125.3 1 1
support-tickets/internal/adapters/out/memory/ticket_repository.go:127.2,127.76 1 1
support-tickets/internal/adapters/out/memory/ticket_repository.go:127.76,129.3 1 1
support-tickets/internal/adapters/out/memory/ticket_repository.go:131.2,131.84 1 1
support-tickets/internal/adapters/out/memory/ticket_repository.go:131.84,133.3 1 0
support-tickets/internal/adapters/out/memory/ticket_repository.go:135.2,135.84 1 1
support-tickets/internal/adapters/out/memory/ticket_repository.go:135.84,137.3 1 0
support-tickets/internal/adapters/out/memory/ticket_repository.go:139.2,139.73 1 1
support-tickets/internal/adapters/out/memory/ticket_repository.go:139.73,141.3 1 0
support-tickets/internal/adapters/out/memory/ticket_repository.go:143.2,143.13 1 1
support-tickets/cmd/api/main.go:17.13,19.16 2 0
support-tickets/cmd/api/main.go:19.16,21.3 1 0
support-tickets/cmd/api/main.go:24.2,36.47 6 0
support-tickets/cmd/api/main.go:36.47,38.3 1 0
support-tickets/cmd/api/server.go:14.52,25.46 5 1
support-tickets/cmd/api/server.go:25.46,27.3 1 1
support-tickets/cmd/api/server.go:30.2,34.2 3 1
support-tickets/cmd/api/server.go:34.2,42.3 7 1
support-tickets/cmd/api/server.go:44.2,44.12 1 1
